2026-05-09 15:35:05,917 edge_inference INFO loading teacher=teacher.zip
2026-05-09 15:35:06,579 edge_inference INFO loading student=shared_h4.pt
2026-05-09 15:35:06,580 edge_inference INFO ready: hidden=4 in_dim=512 blend_mode=decaying
[UDPSender] handshake sent to ('127.0.0.1', 9101)
2026-05-09 15:35:06,581 edge_inference INFO StreamBedUDPSender → 127.0.0.1:9101 (CHNK + EMBD)
[UDPReceiver] listening on 0.0.0.0:9102
2026-05-09 15:35:06,581 edge_inference INFO StreamBedUDPReceiver listening 0.0.0.0:9102 (CSTR advice)
2026-05-09 15:35:06,581 edge_inference INFO advice_consumer started
2026-05-09 15:35:06,582 edge_inference INFO edge_inference TCP listening on ('0.0.0.0', 9100)
2026-05-09 15:35:08,042 edge_inference INFO connection from ('127.0.0.1', 61368)
2026-05-09 15:35:08,701 edge_inference INFO advice received: count=1
2026-05-09 15:35:09,213 edge_inference INFO frames_processed=200 last_inference_ms=0.48 advice_recv=198
2026-05-09 15:35:09,223 edge_inference INFO advice received: count=201
2026-05-09 15:35:10,913 edge_inference INFO frames_processed=400 last_inference_ms=0.76 advice_recv=398
2026-05-09 15:35:10,918 edge_inference INFO advice received: count=401
2026-05-09 15:35:11,630 edge_inference INFO frames_processed=600 last_inference_ms=0.71 advice_recv=598
2026-05-09 15:35:11,636 edge_inference INFO advice received: count=601
2026-05-09 15:35:12,716 edge_inference INFO frames_processed=800 last_inference_ms=0.53 advice_recv=798
2026-05-09 15:35:12,720 edge_inference INFO advice received: count=801
2026-05-09 15:35:13,792 edge_inference INFO frames_processed=1000 last_inference_ms=0.59 advice_recv=998
2026-05-09 15:35:13,797 edge_inference INFO advice received: count=1001
2026-05-09 15:35:14,887 edge_inference INFO frames_processed=1200 last_inference_ms=0.57 advice_recv=1198
2026-05-09 15:35:14,892 edge_inference INFO advice received: count=1201
2026-05-09 15:35:15,937 edge_inference INFO frames_processed=1400 last_inference_ms=0.59 advice_recv=1398
2026-05-09 15:35:15,942 edge_inference INFO advice received: count=1401
2026-05-09 15:35:17,023 edge_inference INFO frames_processed=1600 last_inference_ms=0.63 advice_recv=1598
2026-05-09 15:35:17,028 edge_inference INFO advice received: count=1601
2026-05-09 15:35:18,135 edge_inference INFO frames_processed=1800 last_inference_ms=0.73 advice_recv=1798
2026-05-09 15:35:18,140 edge_inference INFO advice received: count=1801
2026-05-09 15:35:18,608 edge_inference INFO frames_processed=2000 last_inference_ms=0.55 advice_recv=1998
2026-05-09 15:35:18,612 edge_inference INFO advice received: count=2001
2026-05-09 15:35:19,694 edge_inference INFO frames_processed=2200 last_inference_ms=0.67 advice_recv=2199
2026-05-09 15:35:19,701 edge_inference INFO advice received: count=2201
2026-05-09 15:35:20,760 edge_inference INFO frames_processed=2400 last_inference_ms=0.56 advice_recv=2398
2026-05-09 15:35:20,765 edge_inference INFO advice received: count=2401
2026-05-09 15:35:21,859 edge_inference INFO frames_processed=2600 last_inference_ms=1.09 advice_recv=2599
2026-05-09 15:35:21,865 edge_inference INFO advice received: count=2601
2026-05-09 15:35:22,899 edge_inference INFO frames_processed=2800 last_inference_ms=0.49 advice_recv=2799
2026-05-09 15:35:22,906 edge_inference INFO advice received: count=2801
2026-05-09 15:35:23,365 edge_inference INFO frames_processed=3000 last_inference_ms=0.75 advice_recv=2997
2026-05-09 15:35:23,378 edge_inference INFO advice received: count=3001
2026-05-09 15:35:25,077 edge_inference INFO frames_processed=3200 last_inference_ms=0.55 advice_recv=3198
2026-05-09 15:35:25,082 edge_inference INFO advice received: count=3201
2026-05-09 15:35:26,131 edge_inference INFO frames_processed=3400 last_inference_ms=0.73 advice_recv=3398
2026-05-09 15:35:26,136 edge_inference INFO advice received: count=3401
2026-05-09 15:35:27,212 edge_inference INFO frames_processed=3600 last_inference_ms=0.52 advice_recv=3598
2026-05-09 15:35:27,218 edge_inference INFO advice received: count=3601
2026-05-09 15:35:28,303 edge_inference INFO frames_processed=3800 last_inference_ms=0.62 advice_recv=3798
2026-05-09 15:35:28,308 edge_inference INFO advice received: count=3801
2026-05-09 15:35:29,377 edge_inference INFO frames_processed=4000 last_inference_ms=0.59 advice_recv=3998
2026-05-09 15:35:29,383 edge_inference INFO advice received: count=4001
2026-05-09 15:35:30,464 edge_inference INFO frames_processed=4200 last_inference_ms=0.68 advice_recv=4198
2026-05-09 15:35:30,469 edge_inference INFO advice received: count=4201
2026-05-09 15:35:31,504 edge_inference INFO frames_processed=4400 last_inference_ms=0.58 advice_recv=4398
2026-05-09 15:35:31,509 edge_inference INFO advice received: count=4401
2026-05-09 15:35:32,531 edge_inference INFO frames_processed=4600 last_inference_ms=0.55 advice_recv=4599
2026-05-09 15:35:32,536 edge_inference INFO advice received: count=4601
2026-05-09 15:35:33,607 edge_inference INFO frames_processed=4800 last_inference_ms=0.84 advice_recv=4798
2026-05-09 15:35:33,613 edge_inference INFO advice received: count=4801
2026-05-09 15:35:34,709 edge_inference INFO frames_processed=5000 last_inference_ms=0.47 advice_recv=4998
2026-05-09 15:35:34,717 edge_inference INFO advice received: count=5001
2026-05-09 15:35:35,800 edge_inference INFO frames_processed=5200 last_inference_ms=0.81 advice_recv=5199
2026-05-09 15:35:35,805 edge_inference INFO advice received: count=5201
2026-05-09 15:35:36,915 edge_inference INFO frames_processed=5400 last_inference_ms=0.73 advice_recv=5398
2026-05-09 15:35:36,920 edge_inference INFO advice received: count=5401
2026-05-09 15:35:37,773 edge_inference INFO frames_processed=5600 last_inference_ms=1.04 advice_recv=5598
2026-05-09 15:35:37,807 edge_inference INFO advice received: count=5601
2026-05-09 15:35:39,778 edge_inference INFO frames_processed=5800 last_inference_ms=0.67 advice_recv=5799
2026-05-09 15:35:39,784 edge_inference INFO advice received: count=5801
2026-05-09 15:35:40,299 edge_inference INFO frames_processed=6000 last_inference_ms=0.84 advice_recv=5999
2026-05-09 15:35:40,303 edge_inference INFO advice received: count=6001
2026-05-09 15:35:41,412 edge_inference INFO frames_processed=6200 last_inference_ms=0.59 advice_recv=6198
2026-05-09 15:35:41,416 edge_inference INFO advice received: count=6201
2026-05-09 15:35:43,143 edge_inference INFO frames_processed=6400 last_inference_ms=0.65 advice_recv=6399
2026-05-09 15:35:43,148 edge_inference INFO advice received: count=6401
2026-05-09 15:35:44,224 edge_inference INFO frames_processed=6600 last_inference_ms=0.57 advice_recv=6598
2026-05-09 15:35:44,229 edge_inference INFO advice received: count=6601
2026-05-09 15:35:45,255 edge_inference INFO frames_processed=6800 last_inference_ms=0.50 advice_recv=6799
2026-05-09 15:35:45,260 edge_inference INFO advice received: count=6801
2026-05-09 15:35:46,314 edge_inference INFO frames_processed=7000 last_inference_ms=0.50 advice_recv=6998
2026-05-09 15:35:46,318 edge_inference INFO advice received: count=7001
2026-05-09 15:35:47,416 edge_inference INFO frames_processed=7200 last_inference_ms=0.64 advice_recv=7198
2026-05-09 15:35:47,421 edge_inference INFO advice received: count=7201
2026-05-09 15:35:48,479 edge_inference INFO frames_processed=7400 last_inference_ms=0.49 advice_recv=7398
2026-05-09 15:35:48,484 edge_inference INFO advice received: count=7401
2026-05-09 15:35:49,560 edge_inference INFO frames_processed=7600 last_inference_ms=0.52 advice_recv=7598
2026-05-09 15:35:49,565 edge_inference INFO advice received: count=7601
2026-05-09 15:35:50,611 edge_inference INFO frames_processed=7800 last_inference_ms=0.61 advice_recv=7798
2026-05-09 15:35:50,616 edge_inference INFO advice received: count=7801
2026-05-09 15:35:51,682 edge_inference INFO frames_processed=8000 last_inference_ms=0.70 advice_recv=7998
2026-05-09 15:35:51,691 edge_inference INFO advice received: count=8001
2026-05-09 15:35:52,793 edge_inference INFO frames_processed=8200 last_inference_ms=0.53 advice_recv=8198
2026-05-09 15:35:52,799 edge_inference INFO advice received: count=8201
2026-05-09 15:35:53,915 edge_inference INFO frames_processed=8400 last_inference_ms=0.70 advice_recv=8398
2026-05-09 15:35:53,920 edge_inference INFO advice received: count=8401
2026-05-09 15:35:54,991 edge_inference INFO frames_processed=8600 last_inference_ms=0.70 advice_recv=8598
2026-05-09 15:35:54,996 edge_inference INFO advice received: count=8601
2026-05-09 15:35:56,277 edge_inference INFO frames_processed=8800 last_inference_ms=0.52 advice_recv=8798
2026-05-09 15:35:56,282 edge_inference INFO advice received: count=8801
2026-05-09 15:35:57,606 edge_inference INFO frames_processed=9000 last_inference_ms=1.37 advice_recv=8998
2026-05-09 15:35:57,622 edge_inference INFO advice received: count=9001
2026-05-09 15:35:58,816 edge_inference INFO frames_processed=9200 last_inference_ms=3.19 advice_recv=9198
2026-05-09 15:35:58,840 edge_inference INFO advice received: count=9201
2026-05-09 15:35:59,377 edge_inference INFO frames_processed=9400 last_inference_ms=0.77 advice_recv=9399
2026-05-09 15:35:59,383 edge_inference INFO advice received: count=9401
2026-05-09 15:36:01,071 edge_inference INFO frames_processed=9600 last_inference_ms=0.49 advice_recv=9598
2026-05-09 15:36:01,075 edge_inference INFO advice received: count=9601
2026-05-09 15:36:01,675 edge_inference INFO frames_processed=9800 last_inference_ms=0.67 advice_recv=9798
2026-05-09 15:36:01,681 edge_inference INFO advice received: count=9801
2026-05-09 15:36:03,499 edge_inference INFO frames_processed=10000 last_inference_ms=0.66 advice_recv=9999
2026-05-09 15:36:03,506 edge_inference INFO advice received: count=10001
2026-05-09 15:36:04,805 edge_inference INFO frames_processed=10200 last_inference_ms=0.65 advice_recv=10198
2026-05-09 15:36:04,817 edge_inference INFO advice received: count=10201
2026-05-09 15:36:05,937 edge_inference INFO frames_processed=10400 last_inference_ms=0.64 advice_recv=10398
2026-05-09 15:36:05,942 edge_inference INFO advice received: count=10401
2026-05-09 15:36:07,036 edge_inference INFO frames_processed=10600 last_inference_ms=1.59 advice_recv=10598
2026-05-09 15:36:07,049 edge_inference INFO advice received: count=10601
2026-05-09 15:36:08,224 edge_inference INFO frames_processed=10800 last_inference_ms=0.73 advice_recv=10798
2026-05-09 15:36:08,230 edge_inference INFO advice received: count=10801
2026-05-09 15:36:09,977 edge_inference INFO frames_processed=11000 last_inference_ms=0.70 advice_recv=10998
2026-05-09 15:36:09,982 edge_inference INFO advice received: count=11001
2026-05-09 15:36:11,079 edge_inference INFO frames_processed=11200 last_inference_ms=0.69 advice_recv=11199
2026-05-09 15:36:11,085 edge_inference INFO advice received: count=11201
2026-05-09 15:36:12,206 edge_inference INFO frames_processed=11400 last_inference_ms=0.72 advice_recv=11398
2026-05-09 15:36:12,215 edge_inference INFO advice received: count=11401
2026-05-09 15:36:13,700 edge_inference INFO frames_processed=11600 last_inference_ms=2.76 advice_recv=11598
2026-05-09 15:36:13,713 edge_inference INFO advice received: count=11601
2026-05-09 15:36:14,995 edge_inference INFO frames_processed=11800 last_inference_ms=0.59 advice_recv=11798
2026-05-09 15:36:15,002 edge_inference INFO advice received: count=11801
2026-05-09 15:36:16,316 edge_inference INFO frames_processed=12000 last_inference_ms=0.64 advice_recv=11998
2026-05-09 15:36:16,326 edge_inference INFO advice received: count=12001
2026-05-09 15:36:17,670 edge_inference INFO frames_processed=12200 last_inference_ms=1.03 advice_recv=12198
2026-05-09 15:36:17,676 edge_inference INFO advice received: count=12201
2026-05-09 15:36:18,220 edge_inference INFO frames_processed=12400 last_inference_ms=0.83 advice_recv=12399
2026-05-09 15:36:18,226 edge_inference INFO advice received: count=12401
2026-05-09 15:36:19,485 edge_inference INFO frames_processed=12600 last_inference_ms=0.94 advice_recv=12598
2026-05-09 15:36:19,491 edge_inference INFO advice received: count=12601
2026-05-09 15:36:20,682 edge_inference INFO frames_processed=12800 last_inference_ms=0.86 advice_recv=12799
2026-05-09 15:36:20,688 edge_inference INFO advice received: count=12801
2026-05-09 15:36:21,727 edge_inference INFO frames_processed=13000 last_inference_ms=0.59 advice_recv=12998
2026-05-09 15:36:21,732 edge_inference INFO advice received: count=13001
2026-05-09 15:36:23,553 edge_inference INFO frames_processed=13200 last_inference_ms=0.62 advice_recv=13197
2026-05-09 15:36:23,586 edge_inference INFO advice received: count=13201
2026-05-09 15:36:24,288 edge_inference INFO frames_processed=13400 last_inference_ms=0.77 advice_recv=13399
2026-05-09 15:36:24,298 edge_inference INFO advice received: count=13401
2026-05-09 15:36:25,418 edge_inference INFO frames_processed=13600 last_inference_ms=0.69 advice_recv=13598
2026-05-09 15:36:25,652 edge_inference INFO advice received: count=13601
2026-05-09 15:36:27,359 edge_inference INFO frames_processed=13800 last_inference_ms=0.68 advice_recv=13798
2026-05-09 15:36:27,365 edge_inference INFO advice received: count=13801
2026-05-09 15:36:28,473 edge_inference INFO frames_processed=14000 last_inference_ms=0.94 advice_recv=13998
2026-05-09 15:36:28,479 edge_inference INFO advice received: count=14001
2026-05-09 15:36:29,122 edge_inference INFO frames_processed=14200 last_inference_ms=0.57 advice_recv=14198
2026-05-09 15:36:29,131 edge_inference INFO advice received: count=14201
2026-05-09 15:36:30,255 edge_inference INFO frames_processed=14400 last_inference_ms=0.52 advice_recv=14398
2026-05-09 15:36:30,259 edge_inference INFO advice received: count=14401
2026-05-09 15:36:31,496 edge_inference INFO frames_processed=14600 last_inference_ms=0.63 advice_recv=14598
2026-05-09 15:36:31,502 edge_inference INFO advice received: count=14601
2026-05-09 15:36:32,601 edge_inference INFO frames_processed=14800 last_inference_ms=0.72 advice_recv=14798
2026-05-09 15:36:32,605 edge_inference INFO advice received: count=14801
2026-05-09 15:36:33,708 edge_inference INFO frames_processed=15000 last_inference_ms=0.63 advice_recv=14998
2026-05-09 15:36:33,713 edge_inference INFO advice received: count=15001
2026-05-09 15:36:35,424 edge_inference INFO frames_processed=15200 last_inference_ms=0.68 advice_recv=15198
2026-05-09 15:36:35,428 edge_inference INFO advice received: count=15201
2026-05-09 15:36:35,910 edge_inference INFO frames_processed=15400 last_inference_ms=0.56 advice_recv=15399
2026-05-09 15:36:35,915 edge_inference INFO advice received: count=15401
2026-05-09 15:36:37,026 edge_inference INFO frames_processed=15600 last_inference_ms=0.87 advice_recv=15599
2026-05-09 15:36:37,030 edge_inference INFO advice received: count=15601
2026-05-09 15:36:38,128 edge_inference INFO frames_processed=15800 last_inference_ms=0.56 advice_recv=15799
2026-05-09 15:36:38,133 edge_inference INFO advice received: count=15801
2026-05-09 15:36:39,223 edge_inference INFO frames_processed=16000 last_inference_ms=0.63 advice_recv=15998
2026-05-09 15:36:39,227 edge_inference INFO advice received: count=16001
2026-05-09 15:36:40,305 edge_inference INFO frames_processed=16200 last_inference_ms=0.52 advice_recv=16199
2026-05-09 15:36:40,310 edge_inference INFO advice received: count=16201
2026-05-09 15:36:41,387 edge_inference INFO frames_processed=16400 last_inference_ms=0.69 advice_recv=16398
2026-05-09 15:36:41,390 edge_inference INFO advice received: count=16401
2026-05-09 15:36:42,466 edge_inference INFO frames_processed=16600 last_inference_ms=0.71 advice_recv=16598
2026-05-09 15:36:42,471 edge_inference INFO advice received: count=16601
2026-05-09 15:36:43,514 edge_inference INFO frames_processed=16800 last_inference_ms=0.55 advice_recv=16798
2026-05-09 15:36:43,519 edge_inference INFO advice received: count=16801
2026-05-09 15:36:44,625 edge_inference INFO frames_processed=17000 last_inference_ms=0.78 advice_recv=16998
2026-05-09 15:36:44,629 edge_inference INFO advice received: count=17001
2026-05-09 15:36:45,742 edge_inference INFO frames_processed=17200 last_inference_ms=0.70 advice_recv=17199
2026-05-09 15:36:45,747 edge_inference INFO advice received: count=17201
2026-05-09 15:36:46,819 edge_inference INFO frames_processed=17400 last_inference_ms=0.53 advice_recv=17398
2026-05-09 15:36:46,824 edge_inference INFO advice received: count=17401
2026-05-09 15:36:47,306 edge_inference INFO frames_processed=17600 last_inference_ms=0.57 advice_recv=17598
2026-05-09 15:36:47,311 edge_inference INFO advice received: count=17601
2026-05-09 15:36:48,356 edge_inference INFO frames_processed=17800 last_inference_ms=0.59 advice_recv=17798
2026-05-09 15:36:48,362 edge_inference INFO advice received: count=17801
2026-05-09 15:36:49,471 edge_inference INFO frames_processed=18000 last_inference_ms=0.71 advice_recv=17998
2026-05-09 15:36:49,477 edge_inference INFO advice received: count=18001
2026-05-09 15:36:50,533 edge_inference INFO frames_processed=18200 last_inference_ms=0.78 advice_recv=18198
2026-05-09 15:36:50,539 edge_inference INFO advice received: count=18201
2026-05-09 15:36:51,692 edge_inference INFO frames_processed=18400 last_inference_ms=0.66 advice_recv=18398
2026-05-09 15:36:51,698 edge_inference INFO advice received: count=18401
2026-05-09 15:36:53,367 edge_inference INFO frames_processed=18600 last_inference_ms=0.56 advice_recv=18598
2026-05-09 15:36:53,372 edge_inference INFO advice received: count=18601
2026-05-09 15:36:54,467 edge_inference INFO frames_processed=18800 last_inference_ms=0.64 advice_recv=18798
2026-05-09 15:36:54,472 edge_inference INFO advice received: count=18801
2026-05-09 15:36:55,524 edge_inference INFO frames_processed=19000 last_inference_ms=0.77 advice_recv=18998
2026-05-09 15:36:55,529 edge_inference INFO advice received: count=19001
2026-05-09 15:36:56,652 edge_inference INFO frames_processed=19200 last_inference_ms=0.68 advice_recv=19198
2026-05-09 15:36:56,657 edge_inference INFO advice received: count=19201
2026-05-09 15:36:57,765 edge_inference INFO frames_processed=19400 last_inference_ms=0.67 advice_recv=19398
2026-05-09 15:36:57,770 edge_inference INFO advice received: count=19401
2026-05-09 15:36:58,843 edge_inference INFO frames_processed=19600 last_inference_ms=0.71 advice_recv=19598
2026-05-09 15:36:58,848 edge_inference INFO advice received: count=19601
2026-05-09 15:36:59,344 edge_inference INFO frames_processed=19800 last_inference_ms=0.70 advice_recv=19798
2026-05-09 15:36:59,349 edge_inference INFO advice received: count=19801
2026-05-09 15:37:00,478 edge_inference INFO frames_processed=20000 last_inference_ms=0.79 advice_recv=19999
2026-05-09 15:37:00,483 edge_inference INFO advice received: count=20001
2026-05-09 15:37:01,582 edge_inference INFO frames_processed=20200 last_inference_ms=0.56 advice_recv=20198
2026-05-09 15:37:01,587 edge_inference INFO advice received: count=20201
2026-05-09 15:37:02,786 edge_inference INFO frames_processed=20400 last_inference_ms=1.62 advice_recv=20398
2026-05-09 15:37:02,792 edge_inference INFO advice received: count=20401
2026-05-09 15:37:04,127 edge_inference INFO frames_processed=20600 last_inference_ms=0.47 advice_recv=20598
2026-05-09 15:37:04,132 edge_inference INFO advice received: count=20601
2026-05-09 15:37:04,234 edge_inference INFO connection closed by ('127.0.0.1', 61368)
